app/(admin)/chat.tsx(787,29): error TS2339: Property 'white' does not exist on type '{ primary: string; background: string; messageBg: string; text: string; textLight: string; border: string; success: string; warning: string; error: string; unreadBadge: string; searchBg: string; screenBg: string; }'.
app/(admin)/chat.tsx(1000,29): error TS2339: Property 'white' does not exist on type '{ primary: string; background: string; messageBg: string; text: string; textLight: string; border: string; success: string; warning: string; error: string; unreadBadge: string; searchBg: string; screenBg: string; }'.
app/(admin)/users.tsx(1435,3): error TS1117: An object literal cannot have multiple properties with the same name.
app/(user)/language.tsx(19,28): error TS2339: Property 'setLanguage' does not exist on type 'LanguageContextType'.
components/reels/ReelItem.tsx(28,60): error TS2345: Argument of type '{}' is not assignable to parameter of type 'AVPlaybackStatus | (() => AVPlaybackStatus)'.
components/reels/ReelItem.tsx(56,20): error TS2339: Property 'isPlaying' does not exist on type 'AVPlaybackStatus'.
  Property 'isPlaying' does not exist on type 'AVPlaybackStatusError'.
